// Jest Snapshot v1, https://goo.gl/fbAQLP

exports[`Render AddExpensePage 1`] = `
<div>
  <h1>
    This is AddExpensePage expense page
  </h1>
  <ExpenseForm
    onSubmit={[Function]}
  />
</div>
`;
