// Jest Snapshot v1, https://goo.gl/fbAQLP

exports[`Render EditExpense 1`] = `
<div>
  <ExpenseForm
    expense={
      Object {
        "amount": 50000,
        "createdAt": 0,
        "description": "Cocaine",
        "id": 1,
        "note": "koks",
      }
    }
    onSubmit={[Function]}
  />
  <button
    onClick={[Function]}
  >
    Remove
  </button>
</div>
`;
