// Jest Snapshot v1, https://goo.gl/fbAQLP

exports[`Render empty expense list 1`] = `
<div>
  <h3>
    Expense List
  </h3>
  <p>
    No expenses
  </p>
</div>
`;

exports[`Render expense list 1`] = `
<div>
  <h3>
    Expense List
  </h3>
  <ExpenseListItem
    amount={50000}
    createdAt={0}
    description="Cocaine"
    id={1}
    key="1"
    note="koks"
  />
  <ExpenseListItem
    amount={10000}
    createdAt={-345600000}
    description="Alcohol"
    id={2}
    key="2"
    note="pijenje"
  />
  <ExpenseListItem
    amount={30000}
    createdAt={345600000}
    description="Heroin"
    id={3}
    key="3"
    note="hors"
  />
</div>
`;
