// Jest Snapshot v1, https://goo.gl/fbAQLP

exports[`Render Header component 1`] = `
<header>
  <h1>
    Expensify
  </h1>
  <NavLink
    activeClassName="selected"
    ariaCurrent="true"
    exact={true}
    to="/"
  >
    Dashboard
  </NavLink>
  <NavLink
    activeClassName="selected"
    ariaCurrent="true"
    to="/create"
  >
    Create Expense
  </NavLink>
  <NavLink
    activeClassName="selected"
    ariaCurrent="true"
    to="/help"
  >
    Help
  </NavLink>
</header>
`;
